// Jest Snapshot v1, https://goo.gl/fbAQLP

exports[`scripts format --config arg can be used for a custom config 1`] = `prettier --ignore-path path/to/some/config.js --write **/*.+(js|jsx|json|less|css|ts|tsx|md) --config ./my-config.js`;

exports[`scripts format --ignore-path arg can be used for a custom ignore file 1`] = `prettier --config path/to/some/config.js --write **/*.+(js|jsx|json|less|css|ts|tsx|md) --ignore-path ./.myignore`;

exports[`scripts format --no-write prevents --write argument from being added 1`] = `prettier --config path/to/some/config.js --ignore-path path/to/some/config.js **/*.+(js|jsx|json|less|css|ts|tsx|md) --no-write`;

exports[`scripts format calls prettier CLI with args 1`] = `prettier --config path/to/some/config.js --ignore-path path/to/some/config.js --write my-src/**/*.js`;
