// Jest Snapshot v1, https://goo.gl/fbAQLP

exports[`scripts pre-commit calls lint-staged CLI with default args 1`] = `lint-staged --config ./src/config/lintstagedrc.js`;

exports[`scripts pre-commit calls lint-staged CLI with default args 2`] = `npm run validate`;

exports[`scripts pre-commit does not use built-in config with .lintstagedrc file 1`] = `lint-staged`;

exports[`scripts pre-commit does not use built-in config with .lintstagedrc file 2`] = `npm run validate`;

exports[`scripts pre-commit does not use built-in config with --config 1`] = `lint-staged --config ./custom-config.js`;

exports[`scripts pre-commit does not use built-in config with --config 2`] = `npm run validate`;

exports[`scripts pre-commit does not use built-in config with lint-staged pkg prop 1`] = `lint-staged --config ./src/config/lintstagedrc.js`;

exports[`scripts pre-commit does not use built-in config with lint-staged pkg prop 2`] = `npm run validate`;

exports[`scripts pre-commit does not use built-in config with lint-staged.config.js file 1`] = `lint-staged`;

exports[`scripts pre-commit does not use built-in config with lint-staged.config.js file 2`] = `npm run validate`;

exports[`scripts pre-commit forwards args 1`] = `lint-staged --config ./src/config/lintstagedrc.js --verbose`;

exports[`scripts pre-commit forwards args 2`] = `npm run validate`;
