// Jest Snapshot v1, https://goo.gl/fbAQLP

exports[`scripts test calls jest.run with default args 1`] = `--config {"builtInConfig":true} --watch`;

exports[`scripts test does not watch --updateSnapshot 1`] = `--config {"builtInConfig":true} --updateSnapshot`;

exports[`scripts test does not watch on CI 1`] = `--config {"builtInConfig":true}`;

exports[`scripts test does not watch on SCRIPTS_PRE-COMMIT 1`] = `--config {"builtInConfig":true}`;

exports[`scripts test does not watch with --coverage 1`] = `--config {"builtInConfig":true} --coverage`;

exports[`scripts test does not watch with --no-watch 1`] = `--config {"builtInConfig":true} --no-watch`;

exports[`scripts test forwards args 1`] = `--config {"builtInConfig":true} --coverage --watch`;

exports[`scripts test uses custom config with --config 1`] = `--watch --config ./my-config.js`;

exports[`scripts test uses custom config with jest prop in pkg 1`] = `--config {"builtInConfig":true} --watch`;

exports[`scripts test uses custom config with jest.config.js file 1`] = `--watch`;
